
Memory Configuration

Name             Origin             Length             Attributes
*default*        0x00000000         0xffffffff

Linker script and memory map

LOAD /opt/arm-2009q3/bin/../lib/gcc/arm-none-eabi/4.4.1/libgcc.a
Address of section .text set to 0x0
                0x00000000                . = 0x0
                0x00000000                . = ALIGN (0x4)

.text           0x00000000      0xd84
 start.o(.text)
 .text          0x00000000      0x160 start.o
                0x00000000                _start
                0x00000040                _TEXT_BASE
 *(.text)
 .text          0x00000160      0x63c main.o
                0x00000160                partition_byte
                0x0000024c                partition_block
                0x00000254                putc
                0x00000288                puts
                0x000002b0                putc_hex
                0x000002e4                dump_int
                0x0000030c                dump
                0x00000394                verify_ecc
                0x00000448                print_ecc_failure
                0x0000049c                ec
                0x000004b8                hang
                0x000004cc                main
 .text          0x0000079c      0x2f4 kirkwood_nand.o
                0x0000079c                kw_config_gpio
                0x000007d0                kirkwood_mpp_conf
                0x000008a0                nand_readb
                0x000008e0                kw_nand_select_chip
                0x000008f8                nand_command
 .text          0x00000a90       0xe4 timer.o
                0x00000a90                reset_timer_masked
                0x00000ac4                reset_timer
                0x00000ac8                __udelay
                0x00000b38                timer_init
 .text          0x00000b74       0xc8 _udivsi3.o
                0x00000b74                __udivsi3
                0x00000b74                __aeabi_uidiv
                0x00000c0c                __aeabi_uidivmod
                0x00000c24                __aeabi_idivmod
 *fill*         0x00000c3c        0x4 00
 .text          0x00000c40      0x140 _divsi3.o
                0x00000c40                __aeabi_idiv
                0x00000c40                __divsi3
 .text          0x00000d80        0x4 div0.o
                0x00000d80                __div0

.glue_7         0x00000d84        0x0
 .glue_7        0x00000000        0x0 linker stubs

.glue_7t        0x00000d84        0x0
 .glue_7t       0x00000000        0x0 linker stubs

.vfp11_veneer   0x00000d84        0x0
 .vfp11_veneer  0x00000000        0x0 linker stubs

.v4_bx          0x00000d84        0x0
 .v4_bx         0x00000000        0x0 linker stubs
                0x00000d84                . = ALIGN (0x4)

.rodata         0x00000d84      0x10f
 *(SORT(.rodata*))
 .rodata        0x00000d84       0x10 main.o
 .rodata.str1.1
                0x00000d94       0xff main.o
                                0x104 (size before relaxing)

.dynsym         0x00000e94       0x30
 .dynsym        0x00000e94       0x30 start.o

.hash           0x00000ec4       0x18
 .hash          0x00000ec4       0x18 start.o

.rel.dyn        0x00000edc       0xe0
 .rel.got       0x00000000        0x0 start.o
 .rel.plt       0x00000000        0x0 start.o
 .rel.text      0x00000edc       0xe0 start.o
                0x00000fbc                . = ALIGN (0x4)

.data           0x00000fbc        0x4
 *(.data)
 .data          0x00000fbc        0x0 start.o
 .data          0x00000fbc        0x0 main.o
 .data          0x00000fbc        0x0 kirkwood_nand.o
 .data          0x00000fbc        0x4 timer.o
                0x00000fbc                kwtmr_regs
 .data          0x00000fc0        0x0 _udivsi3.o
 .data          0x00000fc0        0x0 _divsi3.o
 .data          0x00000fc0        0x0 div0.o

.got            0x00000fc0        0x0
 .got           0x00000000        0x0 start.o

.got.plt        0x00000fc0        0xc
 .got.plt       0x00000fc0        0xc start.o
                0x00000fc0                _GLOBAL_OFFSET_TABLE_

.bss            0x00000fcc        0x8
 .bss           0x00000fcc        0x0 start.o
 .bss           0x00000fcc        0x0 main.o
 .bss           0x00000fcc        0x0 kirkwood_nand.o
 .bss           0x00000fcc        0x8 timer.o
                0x00000fcc                lastdec
                0x00000fd0                timestamp
 .bss           0x00000fd4        0x0 _udivsi3.o
 .bss           0x00000fd4        0x0 _divsi3.o
 .bss           0x00000fd4        0x0 div0.o

.dynbss         0x00000fd4        0x0
 .dynbss        0x00000000        0x0 start.o

/DISCARD/
 *(.dynstr*)
 *(.dynamic*)
 *(.plt*)
 *(.interp*)
 *(.gnu*)
LOAD start.o
LOAD main.o
LOAD kirkwood_nand.o
LOAD timer.o
LOAD _udivsi3.o
LOAD _divsi3.o
LOAD div0.o
OUTPUT(loader elf32-littlearm)

.ARM.attributes
                0x00000000       0x27
 .ARM.attributes
                0x00000000       0x1b start.o
 .ARM.attributes
                0x0000001b       0x2b main.o
 .ARM.attributes
                0x00000046       0x2b kirkwood_nand.o
 .ARM.attributes
                0x00000071       0x2b timer.o
 .ARM.attributes
                0x0000009c       0x1b _udivsi3.o
 .ARM.attributes
                0x000000b7       0x1b _divsi3.o
 .ARM.attributes
                0x000000d2       0x2b div0.o

.comment        0x00000000       0xa8
 .comment       0x00000000       0x2a main.o
 .comment       0x0000002a       0x2a kirkwood_nand.o
 .comment       0x00000054       0x2a timer.o
 .comment       0x0000007e       0x2a div0.o

.debug_line     0x00000000      0x3d8
 .debug_line    0x00000000       0x4e start.o
 .debug_line    0x0000004e      0x16a main.o
 .debug_line    0x000001b8       0xb0 kirkwood_nand.o
 .debug_line    0x00000268       0x67 timer.o
 .debug_line    0x000002cf       0x6b _udivsi3.o
 .debug_line    0x0000033a       0x66 _divsi3.o
 .debug_line    0x000003a0       0x38 div0.o

.debug_info     0x00000000     0x1255
 .debug_info    0x00000000       0x53 start.o
 .debug_info    0x00000053      0x9cb main.o
 .debug_info    0x00000a1e      0x47c kirkwood_nand.o
 .debug_info    0x00000e9a      0x2d7 timer.o
 .debug_info    0x00001171       0x56 _udivsi3.o
 .debug_info    0x000011c7       0x55 _divsi3.o
 .debug_info    0x0000121c       0x39 div0.o

.debug_abbrev   0x00000000      0x59c
 .debug_abbrev  0x00000000       0x14 start.o
 .debug_abbrev  0x00000014      0x20e main.o
 .debug_abbrev  0x00000222      0x1ae kirkwood_nand.o
 .debug_abbrev  0x000003d0      0x17b timer.o
 .debug_abbrev  0x0000054b       0x14 _udivsi3.o
 .debug_abbrev  0x0000055f       0x14 _divsi3.o
 .debug_abbrev  0x00000573       0x29 div0.o

.debug_aranges  0x00000000       0xe0
 .debug_aranges
                0x00000000       0x20 start.o
 .debug_aranges
                0x00000020       0x20 main.o
 .debug_aranges
                0x00000040       0x20 kirkwood_nand.o
 .debug_aranges
                0x00000060       0x20 timer.o
 .debug_aranges
                0x00000080       0x20 _udivsi3.o
 .debug_aranges
                0x000000a0       0x20 _divsi3.o
 .debug_aranges
                0x000000c0       0x20 div0.o

.debug_frame    0x00000000      0x2a0
 .debug_frame   0x00000000      0x180 main.o
 .debug_frame   0x00000180       0x98 kirkwood_nand.o
 .debug_frame   0x00000218       0x68 timer.o
 .debug_frame   0x00000280       0x20 div0.o

.debug_loc      0x00000000      0x731
 .debug_loc     0x00000000      0x460 main.o
 .debug_loc     0x00000460      0x203 kirkwood_nand.o
 .debug_loc     0x00000663       0xce timer.o

.debug_pubnames
                0x00000000      0x1ba
 .debug_pubnames
                0x00000000       0xac main.o
 .debug_pubnames
                0x000000ac       0x73 kirkwood_nand.o
 .debug_pubnames
                0x0000011f       0x7e timer.o
 .debug_pubnames
                0x0000019d       0x1d div0.o

.debug_ranges   0x00000000       0x98
 .debug_ranges  0x00000000       0x60 main.o
 .debug_ranges  0x00000060       0x38 kirkwood_nand.o

.debug_str      0x00000000      0x55a
 .debug_str     0x00000000      0x335 main.o
                                0x399 (size before relaxing)
 .debug_str     0x00000335      0x16a kirkwood_nand.o
                                0x200 (size before relaxing)
 .debug_str     0x0000049f       0xad timer.o
                                0x142 (size before relaxing)
 .debug_str     0x0000054c        0xe div0.o
                                 0x3c (size before relaxing)
