
Memory Configuration

Name             Origin             Length             Attributes
*default*        0x00000000         0xffffffff

Linker script and memory map

LOAD /opt/arm-2009q3/bin/../lib/gcc/arm-none-eabi/4.4.1/libgcc.a
Address of section .text set to 0x0
                0x00000000                . = 0x0
                0x00000000                . = ALIGN (0x4)

.text           0x00000000      0xf64
 start.o(.text)
 .text          0x00000000      0x160 start.o
                0x00000000                _start
                0x00000040                _TEXT_BASE
 *(.text)
 .text          0x00000160      0x804 main.o
                0x00000160                parity
                0x00000188                count_ones
                0x000001b0                verify_ecc
                0x00000430                putc
                0x00000464                puts
                0x0000048c                putc_hex
                0x000004c0                dump_int
                0x000004e8                dump
                0x00000568                print_ecc_failure
                0x000005bc                ec
                0x000005d8                hang
                0x000005ec                main
 .text          0x00000964      0x2f4 kirkwood_nand.o
                0x00000964                kw_config_gpio
                0x00000998                kirkwood_mpp_conf
                0x00000a68                nand_readb
                0x00000aa8                kw_nand_select_chip
                0x00000ac0                nand_command
 .text          0x00000c58       0xe4 timer.o
                0x00000c58                reset_timer_masked
                0x00000c8c                reset_timer
                0x00000c90                __udelay
                0x00000d00                timer_init
 .text          0x00000d3c       0xc8 _udivsi3.o
                0x00000d3c                __udivsi3
                0x00000d3c                __aeabi_uidiv
                0x00000dd4                __aeabi_uidivmod
                0x00000dec                __aeabi_idivmod
 *fill*         0x00000e04       0x1c 00
 .text          0x00000e20      0x140 _divsi3.o
                0x00000e20                __aeabi_idiv
                0x00000e20                __divsi3
 .text          0x00000f60        0x4 div0.o
                0x00000f60                __div0

.glue_7         0x00000f64        0x0
 .glue_7        0x00000000        0x0 linker stubs

.glue_7t        0x00000f64        0x0
 .glue_7t       0x00000000        0x0 linker stubs

.vfp11_veneer   0x00000f64        0x0
 .vfp11_veneer  0x00000000        0x0 linker stubs

.v4_bx          0x00000f64        0x0
 .v4_bx         0x00000000        0x0 linker stubs
                0x00000f64                . = ALIGN (0x4)

.rodata         0x00000f64      0x22d
 *(SORT(.rodata*))
 .rodata        0x00000f64      0x110 main.o
 .rodata.str1.1
                0x00001074      0x11d main.o
                                0x122 (size before relaxing)

.dynsym         0x00001194       0x30
 .dynsym        0x00001194       0x30 start.o

.hash           0x000011c4       0x18
 .hash          0x000011c4       0x18 start.o

.rel.dyn        0x000011dc      0x110
 .rel.got       0x00000000        0x0 start.o
 .rel.plt       0x00000000        0x0 start.o
 .rel.text      0x000011dc      0x110 start.o
                0x000012ec                . = ALIGN (0x4)

.data           0x000012ec       0x7c
 *(.data)
 .data          0x000012ec        0x0 start.o
 .data          0x000012ec       0x78 main.o
 .data          0x00001364        0x0 kirkwood_nand.o
 .data          0x00001364        0x4 timer.o
                0x00001364                kwtmr_regs
 .data          0x00001368        0x0 _udivsi3.o
 .data          0x00001368        0x0 _divsi3.o
 .data          0x00001368        0x0 div0.o

.got            0x00001368        0x0
 .got           0x00000000        0x0 start.o

.got.plt        0x00001368        0xc
 .got.plt       0x00001368        0xc start.o
                0x00001368                _GLOBAL_OFFSET_TABLE_

.bss            0x00001374        0x8
 .bss           0x00001374        0x0 start.o
 .bss           0x00001374        0x0 main.o
 .bss           0x00001374        0x0 kirkwood_nand.o
 .bss           0x00001374        0x8 timer.o
                0x00001374                lastdec
                0x00001378                timestamp
 .bss           0x0000137c        0x0 _udivsi3.o
 .bss           0x0000137c        0x0 _divsi3.o
 .bss           0x0000137c        0x0 div0.o

.dynbss         0x0000137c        0x0
 .dynbss        0x00000000        0x0 start.o

/DISCARD/
 *(.dynstr*)
 *(.dynamic*)
 *(.plt*)
 *(.interp*)
 *(.gnu*)
LOAD start.o
LOAD main.o
LOAD kirkwood_nand.o
LOAD timer.o
LOAD _udivsi3.o
LOAD _divsi3.o
LOAD div0.o
OUTPUT(loader elf32-littlearm)

.ARM.attributes
                0x00000000       0x27
 .ARM.attributes
                0x00000000       0x1b start.o
 .ARM.attributes
                0x0000001b       0x2b main.o
 .ARM.attributes
                0x00000046       0x2b kirkwood_nand.o
 .ARM.attributes
                0x00000071       0x2b timer.o
 .ARM.attributes
                0x0000009c       0x1b _udivsi3.o
 .ARM.attributes
                0x000000b7       0x1b _divsi3.o
 .ARM.attributes
                0x000000d2       0x2b div0.o

.comment        0x00000000       0xa8
 .comment       0x00000000       0x2a main.o
 .comment       0x0000002a       0x2a kirkwood_nand.o
 .comment       0x00000054       0x2a timer.o
 .comment       0x0000007e       0x2a div0.o

.debug_line     0x00000000      0x44c
 .debug_line    0x00000000       0x4e start.o
 .debug_line    0x0000004e      0x1de main.o
 .debug_line    0x0000022c       0xb0 kirkwood_nand.o
 .debug_line    0x000002dc       0x67 timer.o
 .debug_line    0x00000343       0x6b _udivsi3.o
 .debug_line    0x000003ae       0x66 _divsi3.o
 .debug_line    0x00000414       0x38 div0.o

.debug_info     0x00000000     0x1269
 .debug_info    0x00000000       0x53 start.o
 .debug_info    0x00000053      0x9df main.o
 .debug_info    0x00000a32      0x47c kirkwood_nand.o
 .debug_info    0x00000eae      0x2d7 timer.o
 .debug_info    0x00001185       0x56 _udivsi3.o
 .debug_info    0x000011db       0x55 _divsi3.o
 .debug_info    0x00001230       0x39 div0.o

.debug_abbrev   0x00000000      0x59f
 .debug_abbrev  0x00000000       0x14 start.o
 .debug_abbrev  0x00000014      0x211 main.o
 .debug_abbrev  0x00000225      0x1ae kirkwood_nand.o
 .debug_abbrev  0x000003d3      0x17b timer.o
 .debug_abbrev  0x0000054e       0x14 _udivsi3.o
 .debug_abbrev  0x00000562       0x14 _divsi3.o
 .debug_abbrev  0x00000576       0x29 div0.o

.debug_aranges  0x00000000       0xe0
 .debug_aranges
                0x00000000       0x20 start.o
 .debug_aranges
                0x00000020       0x20 main.o
 .debug_aranges
                0x00000040       0x20 kirkwood_nand.o
 .debug_aranges
                0x00000060       0x20 timer.o
 .debug_aranges
                0x00000080       0x20 _udivsi3.o
 .debug_aranges
                0x000000a0       0x20 _divsi3.o
 .debug_aranges
                0x000000c0       0x20 div0.o

.debug_frame    0x00000000      0x29c
 .debug_frame   0x00000000      0x17c main.o
 .debug_frame   0x0000017c       0x98 kirkwood_nand.o
 .debug_frame   0x00000214       0x68 timer.o
 .debug_frame   0x0000027c       0x20 div0.o

.debug_loc      0x00000000      0x6b9
 .debug_loc     0x00000000      0x3e8 main.o
 .debug_loc     0x000003e8      0x203 kirkwood_nand.o
 .debug_loc     0x000005eb       0xce timer.o

.debug_pubnames
                0x00000000      0x1ad
 .debug_pubnames
                0x00000000       0x9f main.o
 .debug_pubnames
                0x0000009f       0x73 kirkwood_nand.o
 .debug_pubnames
                0x00000112       0x7e timer.o
 .debug_pubnames
                0x00000190       0x1d div0.o

.debug_str      0x00000000      0x567
 .debug_str     0x00000000      0x342 main.o
                                0x3a6 (size before relaxing)
 .debug_str     0x00000342      0x16a kirkwood_nand.o
                                0x200 (size before relaxing)
 .debug_str     0x000004ac       0xad timer.o
                                0x142 (size before relaxing)
 .debug_str     0x00000559        0xe div0.o
                                 0x3c (size before relaxing)

.debug_ranges   0x00000000       0x38
 .debug_ranges  0x00000000       0x38 kirkwood_nand.o
